interactions:
- request:
    body: '{"empresa": "TAMIZI", "claveRastreo": "PruebaDevolucion1", "tipoOrden":
      "R", "fechaOperacion": "20231106", "firma": "UosxA4L6RMJ8UevJw7mYleOCYd+rTKiTRaCv07cbyVnVu0JWBjGuDwaFyTEc3rQzK0VDZrcZEmqhL1d4iuK/tdrd0zmdEpT8HbDGM+frs6KBmVrqYxHDAJZ9FBn/698lHl99aB0BAu46EFoH7nzVqRNj2prAYRRiUfIJbPBB350="}'
    headers:
      Accept:
      - '*/*'
      Accept-Encoding:
      - gzip, deflate
      Connection:
      - keep-alive
      Content-Length:
      - '291'
      Content-Type:
      - application/json
      User-Agent:
      - stpmex-python/3.15.0
    method: POST
    uri: https://efws-dev.stpmex.com/efws/API/consultaOrden
  response:
    body:
      string: '{"estado":0,"mensaje":"Datos consultados correctamente","respuesta":{"idEF":14643667,"claveRastreo":"PruebaDevolucion1","conceptoPago":"Pago
        de prueba","cuentaBeneficiario":"646180157018877012","cuentaOrdenante":"646180117200000019","empresa":"TAMIZI","estado":"TCL","fechaOperacion":20231106,"institucionContraparte":90646,"institucionOperante":90646,"medioEntrega":3,"monto":0.01,"nombreBeneficiario":"Beneficiario","nombreOrdenante":"AXEL
        SERNA MANRIQUEZ","nombreCep":null,"rfcCep":"TCU200828RX8","sello":null,"rfcCurpBeneficiario":"ND","referenciaNumerica":1234567,"rfcCurpOrdenante":"HESJ871014NZ5","tipoCuentaBeneficiario":40,"tipoCuentaOrdenante":40,"tipoPago":1,"tsCaptura":1699305268142,"tsLiquidacion":1699305273297,"causaDevolucion":16,"urlCEP":null}}'
    headers:
      Connection:
      - keep-alive
      Content-Type:
      - application/json
      Date:
      - Wed, 13 Dec 2023 00:31:42 GMT
      Server:
      - nginx
      Transfer-Encoding:
      - chunked
      Vary:
      - Origin
      - Access-Control-Request-Method
      - Access-Control-Request-Headers
    status:
      code: 200
      message: OK
- request:
    body: '{"empresa": "TAMIZI", "claveRastreo": "PruebaLiquidacion2", "tipoOrden":
      "R", "fechaOperacion": "20231106", "firma": "C+iJtjBXyXYMHY02POBYFRcQjtpOSa3fIKPACRaaDg22UQWZDJvkmZ5Qv6S1TMHlr9lIM5jkShl3sHfHp6pgKdQBKBJDNWgKycVxVar168HaSckHiQq2cy4q7/hJo7io4Czpt850bvvB2n1mLetPAr09Xu3rCWTyHKRo2nqhKC0="}'
    headers:
      Accept:
      - '*/*'
      Accept-Encoding:
      - gzip, deflate
      Connection:
      - keep-alive
      Content-Length:
      - '292'
      Content-Type:
      - application/json
      User-Agent:
      - stpmex-python/3.15.0
    method: POST
    uri: https://efws-dev.stpmex.com/efws/API/consultaOrden
  response:
    body:
      string: '{"estado":0,"mensaje":"Datos consultados correctamente","respuesta":{"idEF":14643670,"claveRastreo":"PruebaLiquidacion2","conceptoPago":"Pago
        de prueba","cuentaBeneficiario":"646180157093203384","cuentaOrdenante":"646180117200000019","empresa":"TAMIZI","estado":"TLQ","fechaOperacion":20231106,"institucionContraparte":90646,"institucionOperante":90646,"medioEntrega":3,"monto":1.00,"nombreBeneficiario":"Beneficiario","nombreOrdenante":"AXEL
        SERNA MANRIQUEZ","nombreCep":null,"rfcCep":"LOHF890619HCSPRL05","sello":null,"rfcCurpBeneficiario":"ND","referenciaNumerica":1234567,"rfcCurpOrdenante":"HESJ871014NZ5","tipoCuentaBeneficiario":40,"tipoCuentaOrdenante":40,"tipoPago":1,"tsCaptura":1699305380368,"tsLiquidacion":1699305385288,"causaDevolucion":null,"urlCEP":"https://www.banxico.org.mx/cep/go?i=90646&s=20210302&d=XfVFFhWLrRXzfkDf%2BBz644fa0iR1jPHxDJtE%2B%2FuQQzT0ZTpftV6i4L4Dl4%2BiXeZW6vhv%2BTzU6WTgYv2VRQ9BddyoZrePWh1xRQ6XXbUxuHM%3D"}}'
    headers:
      Connection:
      - keep-alive
      Content-Type:
      - application/json
      Date:
      - Wed, 13 Dec 2023 00:31:43 GMT
      Server:
      - nginx
      Transfer-Encoding:
      - chunked
      Vary:
      - Origin
      - Access-Control-Request-Method
      - Access-Control-Request-Headers
    status:
      code: 200
      message: OK
- request:
    body: '{"empresa": "TAMIZI", "claveRastreo": "PruebaDevolucion1", "tipoOrden":
      "R", "fechaOperacion": "20231106", "firma": "UosxA4L6RMJ8UevJw7mYleOCYd+rTKiTRaCv07cbyVnVu0JWBjGuDwaFyTEc3rQzK0VDZrcZEmqhL1d4iuK/tdrd0zmdEpT8HbDGM+frs6KBmVrqYxHDAJZ9FBn/698lHl99aB0BAu46EFoH7nzVqRNj2prAYRRiUfIJbPBB350="}'
    headers:
      Accept:
      - '*/*'
      Accept-Encoding:
      - gzip, deflate
      Connection:
      - keep-alive
      Content-Length:
      - '291'
      Content-Type:
      - application/json
      User-Agent:
      - stpmex-python/3.15.0
    method: POST
    uri: https://efws-dev.stpmex.com/efws/API/consultaOrden
  response:
    body:
      string: '{"estado":0,"mensaje":"Datos consultados correctamente","respuesta":{"idEF":14643667,"claveRastreo":"PruebaDevolucion1","conceptoPago":"Pago
        de prueba","cuentaBeneficiario":"646180157018877012","cuentaOrdenante":"646180117200000019","empresa":"TAMIZI","estado":"TCL","fechaOperacion":20231106,"institucionContraparte":90646,"institucionOperante":90646,"medioEntrega":3,"monto":0.01,"nombreBeneficiario":"Beneficiario","nombreOrdenante":"AXEL
        SERNA MANRIQUEZ","nombreCep":null,"rfcCep":"TCU200828RX8","sello":null,"rfcCurpBeneficiario":"ND","referenciaNumerica":1234567,"rfcCurpOrdenante":"HESJ871014NZ5","tipoCuentaBeneficiario":40,"tipoCuentaOrdenante":40,"tipoPago":1,"tsCaptura":1699305268142,"tsLiquidacion":1699305273297,"causaDevolucion":16,"urlCEP":null}}'
    headers:
      Connection:
      - keep-alive
      Content-Type:
      - application/json
      Date:
      - Wed, 13 Dec 2023 00:31:44 GMT
      Server:
      - nginx
      Transfer-Encoding:
      - chunked
      Vary:
      - Origin
      - Access-Control-Request-Method
      - Access-Control-Request-Headers
    status:
      code: 200
      message: OK
version: 1
